1 hellp
1 hellp
3.14 hello world
